Archive member included to satisfy reference by file (symbol)

c:/apps/stm32cubeide/stm32cubeide_1.9.0/stm32cubeide/plugins/com.st.stm32cube.ide.mcu.externaltools.gnu-tools-for-stm32.10.3-2021.10.win32_1.0.0.202111181127/tools/bin/../lib/gcc/arm-none-eabi/10.3.1/../../../../arm-none-eabi/lib/thumb/v7e-m+fp/hard\libc_nano.a(lib_a-errno.o)
                              ./Core/Src/syscalls.o (__errno)
c:/apps/stm32cubeide/stm32cubeide_1.9.0/stm32cubeide/plugins/com.st.stm32cube.ide.mcu.externaltools.gnu-tools-for-stm32.10.3-2021.10.win32_1.0.0.202111181127/tools/bin/../lib/gcc/arm-none-eabi/10.3.1/../../../../arm-none-eabi/lib/thumb/v7e-m+fp/hard\libc_nano.a(lib_a-exit.o)
                              c:/apps/stm32cubeide/stm32cubeide_1.9.0/stm32cubeide/plugins/com.st.stm32cube.ide.mcu.externaltools.gnu-tools-for-stm32.10.3-2021.10.win32_1.0.0.202111181127/tools/bin/../lib/gcc/arm-none-eabi/10.3.1/../../../../arm-none-eabi/lib/thumb/v7e-m+fp/hard/crt0.o (exit)
c:/apps/stm32cubeide/stm32cubeide_1.9.0/stm32cubeide/plugins/com.st.stm32cube.ide.mcu.externaltools.gnu-tools-for-stm32.10.3-2021.10.win32_1.0.0.202111181127/tools/bin/../lib/gcc/arm-none-eabi/10.3.1/../../../../arm-none-eabi/lib/thumb/v7e-m+fp/hard\libc_nano.a(lib_a-impure.o)
                              c:/apps/stm32cubeide/stm32cubeide_1.9.0/stm32cubeide/plugins/com.st.stm32cube.ide.mcu.externaltools.gnu-tools-for-stm32.10.3-2021.10.win32_1.0.0.202111181127/tools/bin/../lib/gcc/arm-none-eabi/10.3.1/../../../../arm-none-eabi/lib/thumb/v7e-m+fp/hard\libc_nano.a(lib_a-exit.o) (_global_impure_ptr)
c:/apps/stm32cubeide/stm32cubeide_1.9.0/stm32cubeide/plugins/com.st.stm32cube.ide.mcu.externaltools.gnu-tools-for-stm32.10.3-2021.10.win32_1.0.0.202111181127/tools/bin/../lib/gcc/arm-none-eabi/10.3.1/../../../../arm-none-eabi/lib/thumb/v7e-m+fp/hard\libc_nano.a(lib_a-init.o)
                              c:/apps/stm32cubeide/stm32cubeide_1.9.0/stm32cubeide/plugins/com.st.stm32cube.ide.mcu.externaltools.gnu-tools-for-stm32.10.3-2021.10.win32_1.0.0.202111181127/tools/bin/../lib/gcc/arm-none-eabi/10.3.1/../../../../arm-none-eabi/lib/thumb/v7e-m+fp/hard/crt0.o (__libc_init_array)
c:/apps/stm32cubeide/stm32cubeide_1.9.0/stm32cubeide/plugins/com.st.stm32cube.ide.mcu.externaltools.gnu-tools-for-stm32.10.3-2021.10.win32_1.0.0.202111181127/tools/bin/../lib/gcc/arm-none-eabi/10.3.1/../../../../arm-none-eabi/lib/thumb/v7e-m+fp/hard\libc_nano.a(lib_a-memset.o)
                              c:/apps/stm32cubeide/stm32cubeide_1.9.0/stm32cubeide/plugins/com.st.stm32cube.ide.mcu.externaltools.gnu-tools-for-stm32.10.3-2021.10.win32_1.0.0.202111181127/tools/bin/../lib/gcc/arm-none-eabi/10.3.1/../../../../arm-none-eabi/lib/thumb/v7e-m+fp/hard/crt0.o (memset)
c:/apps/stm32cubeide/stm32cubeide_1.9.0/stm32cubeide/plugins/com.st.stm32cube.ide.mcu.externaltools.gnu-tools-for-stm32.10.3-2021.10.win32_1.0.0.202111181127/tools/bin/../lib/gcc/arm-none-eabi/10.3.1/../../../../arm-none-eabi/lib/thumb/v7e-m+fp/hard\libc_nano.a(lib_a-strlen.o)
                              ./Core/Src/uart_util.o (strlen)
c:/apps/stm32cubeide/stm32cubeide_1.9.0/stm32cubeide/plugins/com.st.stm32cube.ide.mcu.externaltools.gnu-tools-for-stm32.10.3-2021.10.win32_1.0.0.202111181127/tools/bin/../lib/gcc/arm-none-eabi/10.3.1/thumb/v7e-m+fp/hard\libgcc.a(_aeabi_uldivmod.o)
                              ./Drivers/STM32F4xx_HAL_Driver/Src/stm32f4xx_hal_rcc.o (__aeabi_uldivmod)
c:/apps/stm32cubeide/stm32cubeide_1.9.0/stm32cubeide/plugins/com.st.stm32cube.ide.mcu.externaltools.gnu-tools-for-stm32.10.3-2021.10.win32_1.0.0.202111181127/tools/bin/../lib/gcc/arm-none-eabi/10.3.1/thumb/v7e-m+fp/hard\libgcc.a(_udivmoddi4.o)
                              c:/apps/stm32cubeide/stm32cubeide_1.9.0/stm32cubeide/plugins/com.st.stm32cube.ide.mcu.externaltools.gnu-tools-for-stm32.10.3-2021.10.win32_1.0.0.202111181127/tools/bin/../lib/gcc/arm-none-eabi/10.3.1/thumb/v7e-m+fp/hard\libgcc.a(_aeabi_uldivmod.o) (__udivmoddi4)
c:/apps/stm32cubeide/stm32cubeide_1.9.0/stm32cubeide/plugins/com.st.stm32cube.ide.mcu.externaltools.gnu-tools-for-stm32.10.3-2021.10.win32_1.0.0.202111181127/tools/bin/../lib/gcc/arm-none-eabi/10.3.1/thumb/v7e-m+fp/hard\libgcc.a(_dvmd_tls.o)
                              c:/apps/stm32cubeide/stm32cubeide_1.9.0/stm32cubeide/plugins/com.st.stm32cube.ide.mcu.externaltools.gnu-tools-for-stm32.10.3-2021.10.win32_1.0.0.202111181127/tools/bin/../lib/gcc/arm-none-eabi/10.3.1/thumb/v7e-m+fp/hard\libgcc.a(_aeabi_uldivmod.o) (__aeabi_ldiv0)

Discarded input sections

 .text          0x0000000000000000        0x0 c:/apps/stm32cubeide/stm32cubeide_1.9.0/stm32cubeide/plugins/com.st.stm32cube.ide.mcu.externaltools.gnu-tools-for-stm32.10.3-2021.10.win32_1.0.0.202111181127/tools/bin/../lib/gcc/arm-none-eabi/10.3.1/thumb/v7e-m+fp/hard/crti.o
[...]
Memory Configuration

Name             Origin             Length             Attributes
CCMRAM           0x0000000010000000 0x0000000000010000 xrw
RAM              0x0000000020000000 0x0000000000020000 xrw
FLASH            0x0000000008000000 0x0000000000100000 xr
*default*        0x0000000000000000 0xffffffffffffffff

Linker script and memory map

LOAD c:/apps/stm32cubeide/stm32cubeide_1.9.0/stm32cubeide/plugins/com.st.stm32cube.ide.mcu.externaltools.gnu-tools-for-stm32.10.3-2021.10.win32_1.0.0.202111181127/tools/bin/../lib/gcc/arm-none-eabi/10.3.1/thumb/v7e-m+fp/hard/crti.o
LOAD c:/apps/stm32cubeide/stm32cubeide_1.9.0/stm32cubeide/plugins/com.st.stm32cube.ide.mcu.externaltools.gnu-tools-for-stm32.10.3-2021.10.win32_1.0.0.202111181127/tools/bin/../lib/gcc/arm-none-eabi/10.3.1/thumb/v7e-m+fp/hard/crtbegin.o
LOAD c:/apps/stm32cubeide/stm32cubeide_1.9.0/stm32cubeide/plugins/com.st.stm32cube.ide.mcu.externaltools.gnu-tools-for-stm32.10.3-2021.10.win32_1.0.0.202111181127/tools/bin/../lib/gcc/arm-none-eabi/10.3.1/../../../../arm-none-eabi/lib/thumb/v7e-m+fp/hard/crt0.o
LOAD ./Core/Src/fonts.o
LOAD ./Core/Src/keyboard.o
LOAD ./Core/Src/main.o
LOAD ./Core/Src/oled.o
LOAD ./Core/Src/pca9538.o
LOAD ./Core/Src/stm32f4xx_hal_msp.o
LOAD ./Core/Src/stm32f4xx_it.o
LOAD ./Core/Src/syscalls.o
LOAD ./Core/Src/sysmem.o
LOAD ./Core/Src/system_stm32f4xx.o
LOAD ./Core/Src/uart_util.o
LOAD ./Core/Startup/startup_stm32f407vgtx.o
LOAD ./Drivers/STM32F4xx_HAL_Driver/Src/stm32f4xx_hal.o
LOAD ./Drivers/STM32F4xx_HAL_Driver/Src/stm32f4xx_hal_cortex.o
LOAD ./Drivers/STM32F4xx_HAL_Driver/Src/stm32f4xx_hal_dma.o
LOAD ./Drivers/STM32F4xx_HAL_Driver/Src/stm32f4xx_hal_dma_ex.o
LOAD ./Drivers/STM32F4xx_HAL_Driver/Src/stm32f4xx_hal_exti.o
LOAD ./Drivers/STM32F4xx_HAL_Driver/Src/stm32f4xx_hal_flash.o
LOAD ./Drivers/STM32F4xx_HAL_Driver/Src/stm32f4xx_hal_flash_ex.o
LOAD ./Drivers/STM32F4xx_HAL_Driver/Src/stm32f4xx_hal_flash_ramfunc.o
LOAD ./Drivers/STM32F4xx_HAL_Driver/Src/stm32f4xx_hal_gpio.o
LOAD ./Drivers/STM32F4xx_HAL_Driver/Src/stm32f4xx_hal_i2c.o
LOAD ./Drivers/STM32F4xx_HAL_Driver/Src/stm32f4xx_hal_i2c_ex.o
LOAD ./Drivers/STM32F4xx_HAL_Driver/Src/stm32f4xx_hal_pwr.o
LOAD ./Drivers/STM32F4xx_HAL_Driver/Src/stm32f4xx_hal_pwr_ex.o
LOAD ./Drivers/STM32F4xx_HAL_Driver/Src/stm32f4xx_hal_rcc.o
LOAD ./Drivers/STM32F4xx_HAL_Driver/Src/stm32f4xx_hal_rcc_ex.o
LOAD ./Drivers/STM32F4xx_HAL_Driver/Src/stm32f4xx_hal_tim.o
LOAD ./Drivers/STM32F4xx_HAL_Driver/Src/stm32f4xx_hal_tim_ex.o
LOAD ./Drivers/STM32F4xx_HAL_Driver/Src/stm32f4xx_hal_uart.o
START GROUP
LOAD c:/apps/stm32cubeide/stm32cubeide_1.9.0/stm32cubeide/plugins/com.st.stm32cube.ide.mcu.externaltools.gnu-tools-for-stm32.10.3-2021.10.win32_1.0.0.202111181127/tools/bin/../lib/gcc/arm-none-eabi/10.3.1/../../../../arm-none-eabi/lib/thumb/v7e-m+fp/hard\libc_nano.a
LOAD c:/apps/stm32cubeide/stm32cubeide_1.9.0/stm32cubeide/plugins/com.st.stm32cube.ide.mcu.externaltools.gnu-tools-for-stm32.10.3-2021.10.win32_1.0.0.202111181127/tools/bin/../lib/gcc/arm-none-eabi/10.3.1/../../../../arm-none-eabi/lib/thumb/v7e-m+fp/hard\libm.a
END GROUP
START GROUP
LOAD c:/apps/stm32cubeide/stm32cubeide_1.9.0/stm32cubeide/plugins/com.st.stm32cube.ide.mcu.externaltools.gnu-tools-for-stm32.10.3-2021.10.win32_1.0.0.202111181127/tools/bin/../lib/gcc/arm-none-eabi/10.3.1/thumb/v7e-m+fp/hard\libgcc.a
LOAD c:/apps/stm32cubeide/stm32cubeide_1.9.0/stm32cubeide/plugins/com.st.stm32cube.ide.mcu.externaltools.gnu-tools-for-stm32.10.3-2021.10.win32_1.0.0.202111181127/tools/bin/../lib/gcc/arm-none-eabi/10.3.1/../../../../arm-none-eabi/lib/thumb/v7e-m+fp/hard\libc_nano.a
END GROUP
START GROUP
LOAD c:/apps/stm32cubeide/stm32cubeide_1.9.0/stm32cubeide/plugins/com.st.stm32cube.ide.mcu.externaltools.gnu-tools-for-stm32.10.3-2021.10.win32_1.0.0.202111181127/tools/bin/../lib/gcc/arm-none-eabi/10.3.1/thumb/v7e-m+fp/hard\libgcc.a
LOAD c:/apps/stm32cubeide/stm32cubeide_1.9.0/stm32cubeide/plugins/com.st.stm32cube.ide.mcu.externaltools.gnu-tools-for-stm32.10.3-2021.10.win32_1.0.0.202111181127/tools/bin/../lib/gcc/arm-none-eabi/10.3.1/../../../../arm-none-eabi/lib/thumb/v7e-m+fp/hard\libc_nano.a
LOAD c:/apps/stm32cubeide/stm32cubeide_1.9.0/stm32cubeide/plugins/com.st.stm32cube.ide.mcu.externaltools.gnu-tools-for-stm32.10.3-2021.10.win32_1.0.0.202111181127/tools/bin/../lib/gcc/arm-none-eabi/10.3.1/../../../../arm-none-eabi/lib/thumb/v7e-m+fp/hard\libnosys.a
END GROUP
START GROUP
LOAD c:/apps/stm32cubeide/stm32cubeide_1.9.0/stm32cubeide/plugins/com.st.stm32cube.ide.mcu.externaltools.gnu-tools-for-stm32.10.3-2021.10.win32_1.0.0.202111181127/tools/bin/../lib/gcc/arm-none-eabi/10.3.1/thumb/v7e-m+fp/hard\libgcc.a
LOAD c:/apps/stm32cubeide/stm32cubeide_1.9.0/stm32cubeide/plugins/com.st.stm32cube.ide.mcu.externaltools.gnu-tools-for-stm32.10.3-2021.10.win32_1.0.0.202111181127/tools/bin/../lib/gcc/arm-none-eabi/10.3.1/../../../../arm-none-eabi/lib/thumb/v7e-m+fp/hard\libc_nano.a
LOAD c:/apps/stm32cubeide/stm32cubeide_1.9.0/stm32cubeide/plugins/com.st.stm32cube.ide.mcu.externaltools.gnu-tools-for-stm32.10.3-2021.10.win32_1.0.0.202111181127/tools/bin/../lib/gcc/arm-none-eabi/10.3.1/../../../../arm-none-eabi/lib/thumb/v7e-m+fp/hard\libnosys.a
END GROUP
LOAD c:/apps/stm32cubeide/stm32cubeide_1.9.0/stm32cubeide/plugins/com.st.stm32cube.ide.mcu.externaltools.gnu-tools-for-stm32.10.3-2021.10.win32_1.0.0.202111181127/tools/bin/../lib/gcc/arm-none-eabi/10.3.1/thumb/v7e-m+fp/hard/crtend.o
LOAD c:/apps/stm32cubeide/stm32cubeide_1.9.0/stm32cubeide/plugins/com.st.stm32cube.ide.mcu.externaltools.gnu-tools-for-stm32.10.3-2021.10.win32_1.0.0.202111181127/tools/bin/../lib/gcc/arm-none-eabi/10.3.1/thumb/v7e-m+fp/hard/crtn.o
                0x0000000020020000                _estack = (ORIGIN (RAM) + LENGTH (RAM))
                0x0000000000000200                _Min_Heap_Size = 0x200
                0x0000000000000400                _Min_Stack_Size = 0x400

.isr_vector     0x0000000008000000      0x188
                0x0000000008000000                . = ALIGN (0x4)
 *(.isr_vector)
 .isr_vector    0x0000000008000000      0x188 ./Core/Startup/startup_stm32f407vgtx.o
                0x0000000008000000                g_pfnVectors
                0x0000000008000188                . = ALIGN (0x4)

.text           0x0000000008000188     0x4f64
                0x0000000008000188                . = ALIGN (0x4)
 *(.text)
 .text          0x0000000008000188       0x40 c:/apps/stm32cubeide/stm32cubeide_1.9.0/stm32cubeide/plugins/com.st.stm32cube.ide.mcu.externaltools.gnu-tools-for-stm32.10.3-2021.10.win32_1.0.0.202111181127/tools/bin/../lib/gcc/arm-none-eabi/10.3.1/thumb/v7e-m+fp/hard/crtbegin.o
 .text          0x00000000080001c8       0x10 c:/apps/stm32cubeide/stm32cubeide_1.9.0/stm32cubeide/plugins/com.st.stm32cube.ide.mcu.externaltools.gnu-tools-for-stm32.10.3-2021.10.win32_1.0.0.202111181127/tools/bin/../lib/gcc/arm-none-eabi/10.3.1/../../../../arm-none-eabi/lib/thumb/v7e-m+fp/hard\libc_nano.a(lib_a-strlen.o)
                0x00000000080001c8                strlen
 .text          0x00000000080001d8       0x30 c:/apps/stm32cubeide/stm32cubeide_1.9.0/stm32cubeide/plugins/com.st.stm32cube.ide.mcu.externaltools.gnu-tools-for-stm32.10.3-2021.10.win32_1.0.0.202111181127/tools/bin/../lib/gcc/arm-none-eabi/10.3.1/thumb/v7e-m+fp/hard\libgcc.a(_aeabi_uldivmod.o)
                0x00000000080001d8                __aeabi_uldivmod
 .text          0x0000000008000208      0x2d0 c:/apps/stm32cubeide/stm32cubeide_1.9.0/stm32cubeide/plugins/com.st.stm32cube.ide.mcu.externaltools.gnu-tools-for-stm32.10.3-2021.10.win32_1.0.0.202111181127/tools/bin/../lib/gcc/arm-none-eabi/10.3.1/thumb/v7e-m+fp/hard\libgcc.a(_udivmoddi4.o)
                0x0000000008000208                __udivmoddi4
 .text          0x00000000080004d8        0x4 c:/apps/stm32cubeide/stm32cubeide_1.9.0/stm32cubeide/plugins/com.st.stm32cube.ide.mcu.externaltools.gnu-tools-for-stm32.10.3-2021.10.win32_1.0.0.202111181127/tools/bin/../lib/gcc/arm-none-eabi/10.3.1/thumb/v7e-m+fp/hard\libgcc.a(_dvmd_tls.o)
                0x00000000080004d8                __aeabi_idiv0
                0x00000000080004d8                __aeabi_ldiv0
 *(.text*)
 .text.keyboard_Init
                0x00000000080004dc       0x54 ./Core/Src/keyboard.o
                0x00000000080004dc                keyboard_Init
 .text.keyboard_CheckButton
                0x0000000008000530       0xec ./Core/Src/keyboard.o
                0x0000000008000530                keyboard_CheckButton
 .text.keyboard_WaitButton
                0x000000000800061c       0x4c ./Core/Src/keyboard.o
                0x000000000800061c                keyboard_WaitButton
 .text.keyboard_ConvertButtonPhoneCode
                0x0000000008000668       0x88 ./Core/Src/main.o
 .text.main     0x00000000080006f0       0x2e ./Core/Src/main.o
                0x00000000080006f0                main
 *fill*         0x000000000800071e        0x2 
 .text.SystemClock_Config
                0x0000000008000720       0xd4 ./Core/Src/main.o
                0x0000000008000720                SystemClock_Config
 .text.MX_I2C1_Init
                0x00000000080007f4       0x5c ./Core/Src/main.o
 .text.MX_TIM1_Init
                0x0000000008000850      0x144 ./Core/Src/main.o
 .text.MX_TIM6_Init
                0x0000000008000994       0x6c ./Core/Src/main.o
 .text.MX_UART4_Init
                0x0000000008000a00       0x54 ./Core/Src/main.o
 .text.MX_GPIO_Init
                0x0000000008000a54       0xdc ./Core/Src/main.o
 .text.draw_hello_screen
                0x0000000008000b30       0xb4 ./Core/Src/main.o
 .text.read_timer
                0x0000000008000be4       0xdc ./Core/Src/main.o
 .text.draw_counter
                0x0000000008000cc0       0x80 ./Core/Src/main.o
 .text.count_down
                0x0000000008000d40       0x58 ./Core/Src/main.o
 .text.draw_final_screen
                0x0000000008000d98       0x68 ./Core/Src/main.o
 .text.run      0x0000000008000e00       0x68 ./Core/Src/main.o
 .text.HAL_TIM_PeriodElapsedCallback
                0x0000000008000e68       0xb4 ./Core/Src/main.o
                0x0000000008000e68                HAL_TIM_PeriodElapsedCallback
 .text.Error_Handler
                0x0000000008000f1c        0xa ./Core/Src/main.o
                0x0000000008000f1c                Error_Handler
 *fill*         0x0000000008000f26        0x2 
 .text.oled_WriteCommands
                0x0000000008000f28       0x50 ./Core/Src/oled.o
 .text.oled_Init
                0x0000000008000f78       0x6c ./Core/Src/oled.o
                0x0000000008000f78                oled_Init
 .text.oled_SetCursor
                0x0000000008000fe4       0x30 ./Core/Src/oled.o
                0x0000000008000fe4                oled_SetCursor
 .text.oled_ResetCursor
                0x0000000008001014       0x10 ./Core/Src/oled.o
                0x0000000008001014                oled_ResetCursor
 .text.oled_DrawPixel
                0x0000000008001024       0x98 ./Core/Src/oled.o
                0x0000000008001024                oled_DrawPixel
 .text.oled_Fill
                0x00000000080010bc       0x48 ./Core/Src/oled.o
                0x00000000080010bc                oled_Fill
 .text.oled_WriteChar
                0x0000000008001104      0x100 ./Core/Src/oled.o
                0x0000000008001104                oled_WriteChar
 .text.oled_WriteString
                0x0000000008001204       0x4a ./Core/Src/oled.o
                0x0000000008001204                oled_WriteString
 *fill*         0x000000000800124e        0x2 
 .text.oled_UpdateScreen
                0x0000000008001250       0x90 ./Core/Src/oled.o
                0x0000000008001250                oled_UpdateScreen
 .text.PCA9538_Read_Register
                0x00000000080012e0       0x54 ./Core/Src/pca9538.o
                0x00000000080012e0                PCA9538_Read_Register
 .text.PCA9538_Read_Inputs
                0x0000000008001334       0x38 ./Core/Src/pca9538.o
                0x0000000008001334                PCA9538_Read_Inputs
 .text.PCA9538_Write_Register
                0x000000000800136c       0x54 ./Core/Src/pca9538.o
                0x000000000800136c                PCA9538_Write_Register
 .text.PCA9538_SetDefaultConfig
                0x00000000080013c0       0x88 ./Core/Src/pca9538.o
                0x00000000080013c0                PCA9538_SetDefaultConfig
 .text.HAL_MspInit
                0x0000000008001448       0x50 ./Core/Src/stm32f4xx_hal_msp.o
                0x0000000008001448                HAL_MspInit
 .text.HAL_I2C_MspInit
                0x0000000008001498       0x90 ./Core/Src/stm32f4xx_hal_msp.o
                0x0000000008001498                HAL_I2C_MspInit
 .text.HAL_TIM_Base_MspInit
                0x0000000008001528       0x7c ./Core/Src/stm32f4xx_hal_msp.o
                0x0000000008001528                HAL_TIM_Base_MspInit
 .text.HAL_TIM_MspPostInit
                0x00000000080015a4       0x74 ./Core/Src/stm32f4xx_hal_msp.o
                0x00000000080015a4                HAL_TIM_MspPostInit
 .text.HAL_UART_MspInit
                0x0000000008001618       0x90 ./Core/Src/stm32f4xx_hal_msp.o
                0x0000000008001618                HAL_UART_MspInit
 .text.NMI_Handler
                0x00000000080016a8        0x6 ./Core/Src/stm32f4xx_it.o
                0x00000000080016a8                NMI_Handler
 .text.HardFault_Handler
                0x00000000080016ae        0x6 ./Core/Src/stm32f4xx_it.o
                0x00000000080016ae                HardFault_Handler
 .text.MemManage_Handler
                0x00000000080016b4        0x6 ./Core/Src/stm32f4xx_it.o
                0x00000000080016b4                MemManage_Handler
 .text.BusFault_Handler
                0x00000000080016ba        0x6 ./Core/Src/stm32f4xx_it.o
                0x00000000080016ba                BusFault_Handler
 .text.UsageFault_Handler
                0x00000000080016c0        0x6 ./Core/Src/stm32f4xx_it.o
                0x00000000080016c0                UsageFault_Handler
 .text.SVC_Handler
                0x00000000080016c6        0xe ./Core/Src/stm32f4xx_it.o
                0x00000000080016c6                SVC_Handler
 .text.DebugMon_Handler
                0x00000000080016d4        0xe ./Core/Src/stm32f4xx_it.o
                0x00000000080016d4                DebugMon_Handler
 .text.PendSV_Handler
                0x00000000080016e2        0xe ./Core/Src/stm32f4xx_it.o
                0x00000000080016e2                PendSV_Handler
 .text.SysTick_Handler
                0x00000000080016f0        0xc ./Core/Src/stm32f4xx_it.o
                0x00000000080016f0                SysTick_Handler
 .text.TIM6_DAC_IRQHandler
                0x00000000080016fc       0x14 ./Core/Src/stm32f4xx_it.o
                0x00000000080016fc                TIM6_DAC_IRQHandler
 .text.SystemInit
                0x0000000008001710       0x24 ./Core/Src/system_stm32f4xx.o
                0x0000000008001710                SystemInit
 .text.UART_Transmit
                0x0000000008001734       0x2c ./Core/Src/uart_util.o
                0x0000000008001734                UART_Transmit
 .text.Reset_Handler
                0x0000000008001760       0x50 ./Core/Startup/startup_stm32f407vgtx.o
                0x0000000008001760                Reset_Handler
 .text.Default_Handler
                0x00000000080017b0        0x2 ./Core/Startup/startup_stm32f407vgtx.o
                0x00000000080017b0                RTC_Alarm_IRQHandler
                0x00000000080017b0                HASH_RNG_IRQHandler
                0x00000000080017b0                EXTI2_IRQHandler
                0x00000000080017b0                TIM8_CC_IRQHandler
                0x00000000080017b0                TIM1_CC_IRQHandler
                0x00000000080017b0                DMA2_Stream5_IRQHandler
                0x00000000080017b0                DMA1_Stream5_IRQHandler
                0x00000000080017b0                PVD_IRQHandler
                0x00000000080017b0                SDIO_IRQHandler
                0x00000000080017b0                TAMP_STAMP_IRQHandler
                0x00000000080017b0                CAN2_RX1_IRQHandler
                0x00000000080017b0                EXTI3_IRQHandler
                0x00000000080017b0                TIM8_TRG_COM_TIM14_IRQHandler
                0x00000000080017b0                TIM1_UP_TIM10_IRQHandler
                0x00000000080017b0                TIM8_UP_TIM13_IRQHandler
                0x00000000080017b0                I2C3_ER_IRQHandler
                0x00000000080017b0                EXTI0_IRQHandler
                0x00000000080017b0                I2C2_EV_IRQHandler
                0x00000000080017b0                DMA1_Stream2_IRQHandler
                0x00000000080017b0                CAN1_RX0_IRQHandler
                0x00000000080017b0                FPU_IRQHandler
                0x00000000080017b0                OTG_HS_WKUP_IRQHandler
                0x00000000080017b0                CAN2_SCE_IRQHandler
                0x00000000080017b0                DMA2_Stream2_IRQHandler
                0x00000000080017b0                SPI1_IRQHandler
                0x00000000080017b0                TIM1_BRK_TIM9_IRQHandler
                0x00000000080017b0                DCMI_IRQHandler
                0x00000000080017b0                CAN2_RX0_IRQHandler
                0x00000000080017b0                DMA2_Stream3_IRQHandler
                0x00000000080017b0                USART6_IRQHandler
                0x00000000080017b0                USART3_IRQHandler
                0x00000000080017b0                CAN1_RX1_IRQHandler
                0x00000000080017b0                UART5_IRQHandler
                0x00000000080017b0                DMA2_Stream0_IRQHandler
                0x00000000080017b0                TIM4_IRQHandler
                0x00000000080017b0                I2C1_EV_IRQHandler
                0x00000000080017b0                DMA1_Stream6_IRQHandler
                0x00000000080017b0                DMA1_Stream1_IRQHandler
                0x00000000080017b0                UART4_IRQHandler
                0x00000000080017b0                TIM3_IRQHandler
                0x00000000080017b0                RCC_IRQHandler
                0x00000000080017b0                TIM8_BRK_TIM12_IRQHandler
                0x00000000080017b0                Default_Handler
                0x00000000080017b0                EXTI15_10_IRQHandler
                0x00000000080017b0                ADC_IRQHandler
                0x00000000080017b0                DMA1_Stream7_IRQHandler
                0x00000000080017b0                TIM7_IRQHandler
                0x00000000080017b0                CAN2_TX_IRQHandler
                0x00000000080017b0                TIM5_IRQHandler
                0x00000000080017b0                DMA2_Stream7_IRQHandler
                0x00000000080017b0                I2C3_EV_IRQHandler
                0x00000000080017b0                EXTI9_5_IRQHandler
                0x00000000080017b0                RTC_WKUP_IRQHandler
                0x00000000080017b0                ETH_WKUP_IRQHandler
                0x00000000080017b0                SPI2_IRQHandler
                0x00000000080017b0                OTG_HS_EP1_IN_IRQHandler
                0x00000000080017b0                DMA1_Stream0_IRQHandler
                0x00000000080017b0                CAN1_TX_IRQHandler
                0x00000000080017b0                EXTI4_IRQHandler
                0x00000000080017b0                FSMC_IRQHandler
                0x00000000080017b0                ETH_IRQHandler
                0x00000000080017b0                OTG_HS_EP1_OUT_IRQHandler
                0x00000000080017b0                WWDG_IRQHandler
                0x00000000080017b0                TIM2_IRQHandler
                0x00000000080017b0                OTG_FS_WKUP_IRQHandler
                0x00000000080017b0                TIM1_TRG_COM_TIM11_IRQHandler
                0x00000000080017b0                OTG_HS_IRQHandler
                0x00000000080017b0                EXTI1_IRQHandler
                0x00000000080017b0                USART2_IRQHandler
                0x00000000080017b0                I2C2_ER_IRQHandler
                0x00000000080017b0                DMA2_Stream1_IRQHandler
                0x00000000080017b0                CAN1_SCE_IRQHandler
                0x00000000080017b0                FLASH_IRQHandler
                0x00000000080017b0                DMA2_Stream4_IRQHandler
                0x00000000080017b0                USART1_IRQHandler
                0x00000000080017b0                OTG_FS_IRQHandler
                0x00000000080017b0                SPI3_IRQHandler
                0x00000000080017b0                DMA1_Stream4_IRQHandler
                0x00000000080017b0                I2C1_ER_IRQHandler
                0x00000000080017b0                DMA2_Stream6_IRQHandler
                0x00000000080017b0                DMA1_Stream3_IRQHandler
 *fill*         0x00000000080017b2        0x2 
 .text.HAL_Init
                0x00000000080017b4       0x44 ./Drivers/STM32F4xx_HAL_Driver/Src/stm32f4xx_hal.o
                0x00000000080017b4                HAL_Init
 .text.HAL_InitTick
                0x00000000080017f8       0x60 ./Drivers/STM32F4xx_HAL_Driver/Src/stm32f4xx_hal.o
                0x00000000080017f8                HAL_InitTick
 .text.HAL_IncTick
                0x0000000008001858       0x28 ./Drivers/STM32F4xx_HAL_Driver/Src/stm32f4xx_hal.o
                0x0000000008001858                HAL_IncTick
 .text.HAL_GetTick
                0x0000000008001880       0x18 ./Drivers/STM32F4xx_HAL_Driver/Src/stm32f4xx_hal.o
                0x0000000008001880                HAL_GetTick
 .text.HAL_Delay
                0x0000000008001898       0x48 ./Drivers/STM32F4xx_HAL_Driver/Src/stm32f4xx_hal.o
                0x0000000008001898                HAL_Delay
 .text.__NVIC_SetPriorityGrouping
                0x00000000080018e0       0x48 ./Drivers/STM32F4xx_HAL_Driver/Src/stm32f4xx_hal_cortex.o
 .text.__NVIC_GetPriorityGrouping
                0x0000000008001928       0x1c ./Drivers/STM32F4xx_HAL_Driver/Src/stm32f4xx_hal_cortex.o
 .text.__NVIC_EnableIRQ
                0x0000000008001944       0x3c ./Drivers/STM32F4xx_HAL_Driver/Src/stm32f4xx_hal_cortex.o
 .text.__NVIC_SetPriority
                0x0000000008001980       0x54 ./Drivers/STM32F4xx_HAL_Driver/Src/stm32f4xx_hal_cortex.o
 .text.NVIC_EncodePriority
                0x00000000080019d4       0x66 ./Drivers/STM32F4xx_HAL_Driver/Src/stm32f4xx_hal_cortex.o
 *fill*         0x0000000008001a3a        0x2 
 .text.SysTick_Config
                0x0000000008001a3c       0x44 ./Drivers/STM32F4xx_HAL_Driver/Src/stm32f4xx_hal_cortex.o
 .text.HAL_NVIC_SetPriorityGrouping
                0x0000000008001a80       0x16 ./Drivers/STM32F4xx_HAL_Driver/Src/stm32f4xx_hal_cortex.o
                0x0000000008001a80                HAL_NVIC_SetPriorityGrouping
 .text.HAL_NVIC_SetPriority
                0x0000000008001a96       0x38 ./Drivers/STM32F4xx_HAL_Driver/Src/stm32f4xx_hal_cortex.o
                0x0000000008001a96                HAL_NVIC_SetPriority
 .text.HAL_NVIC_EnableIRQ
                0x0000000008001ace       0x1c ./Drivers/STM32F4xx_HAL_Driver/Src/stm32f4xx_hal_cortex.o
                0x0000000008001ace                HAL_NVIC_EnableIRQ
 .text.HAL_SYSTICK_Config
                0x0000000008001aea       0x18 ./Drivers/STM32F4xx_HAL_Driver/Src/stm32f4xx_hal_cortex.o
                0x0000000008001aea                HAL_SYSTICK_Config
 *fill*         0x0000000008001b02        0x2 
 .text.HAL_GPIO_Init
                0x0000000008001b04      0x338 ./Drivers/STM32F4xx_HAL_Driver/Src/stm32f4xx_hal_gpio.o
                0x0000000008001b04                HAL_GPIO_Init
 .text.HAL_GPIO_WritePin
                0x0000000008001e3c       0x32 ./Drivers/STM32F4xx_HAL_Driver/Src/stm32f4xx_hal_gpio.o
                0x0000000008001e3c                HAL_GPIO_WritePin
 *fill*         0x0000000008001e6e        0x2 
 .text.HAL_I2C_Init
                0x0000000008001e70      0x288 ./Drivers/STM32F4xx_HAL_Driver/Src/stm32f4xx_hal_i2c.o
                0x0000000008001e70                HAL_I2C_Init
 .text.HAL_I2C_Mem_Write
                0x00000000080020f8      0x1f4 ./Drivers/STM32F4xx_HAL_Driver/Src/stm32f4xx_hal_i2c.o
                0x00000000080020f8                HAL_I2C_Mem_Write
 .text.HAL_I2C_Mem_Read
                0x00000000080022ec      0x44c ./Drivers/STM32F4xx_HAL_Driver/Src/stm32f4xx_hal_i2c.o
                0x00000000080022ec                HAL_I2C_Mem_Read
 .text.I2C_RequestMemoryWrite
                0x0000000008002738      0x12c ./Drivers/STM32F4xx_HAL_Driver/Src/stm32f4xx_hal_i2c.o
 .text.I2C_RequestMemoryRead
                0x0000000008002864      0x1d0 ./Drivers/STM32F4xx_HAL_Driver/Src/stm32f4xx_hal_i2c.o
 .text.I2C_WaitOnFlagUntilTimeout
                0x0000000008002a34       0xae ./Drivers/STM32F4xx_HAL_Driver/Src/stm32f4xx_hal_i2c.o
 .text.I2C_WaitOnMasterAddressFlagUntilTimeout
                0x0000000008002ae2       0xfe ./Drivers/STM32F4xx_HAL_Driver/Src/stm32f4xx_hal_i2c.o
 .text.I2C_WaitOnTXEFlagUntilTimeout
                0x0000000008002be0       0x82 ./Drivers/STM32F4xx_HAL_Driver/Src/stm32f4xx_hal_i2c.o
 .text.I2C_WaitOnBTFFlagUntilTimeout
                0x0000000008002c62       0x82 ./Drivers/STM32F4xx_HAL_Driver/Src/stm32f4xx_hal_i2c.o
 .text.I2C_WaitOnRXNEFlagUntilTimeout
                0x0000000008002ce4       0xac ./Drivers/STM32F4xx_HAL_Driver/Src/stm32f4xx_hal_i2c.o
 .text.I2C_IsAcknowledgeFailed
                0x0000000008002d90       0x5e ./Drivers/STM32F4xx_HAL_Driver/Src/stm32f4xx_hal_i2c.o
 *fill*         0x0000000008002dee        0x2 
 .text.HAL_RCC_OscConfig
                0x0000000008002df0      0x4f0 ./Drivers/STM32F4xx_HAL_Driver/Src/stm32f4xx_hal_rcc.o
                0x0000000008002df0                HAL_RCC_OscConfig
 .text.HAL_RCC_ClockConfig
                0x00000000080032e0      0x1cc ./Drivers/STM32F4xx_HAL_Driver/Src/stm32f4xx_hal_rcc.o
                0x00000000080032e0                HAL_RCC_ClockConfig
 .text.HAL_RCC_GetSysClockFreq
                0x00000000080034ac      0x18c ./Drivers/STM32F4xx_HAL_Driver/Src/stm32f4xx_hal_rcc.o
                0x00000000080034ac                HAL_RCC_GetSysClockFreq
 .text.HAL_RCC_GetHCLKFreq
                0x0000000008003638       0x18 ./Drivers/STM32F4xx_HAL_Driver/Src/stm32f4xx_hal_rcc.o
                0x0000000008003638                HAL_RCC_GetHCLKFreq
 .text.HAL_RCC_GetPCLK1Freq
                0x0000000008003650       0x28 ./Drivers/STM32F4xx_HAL_Driver/Src/stm32f4xx_hal_rcc.o
                0x0000000008003650                HAL_RCC_GetPCLK1Freq
 .text.HAL_RCC_GetPCLK2Freq
                0x0000000008003678       0x28 ./Drivers/STM32F4xx_HAL_Driver/Src/stm32f4xx_hal_rcc.o
                0x0000000008003678                HAL_RCC_GetPCLK2Freq
 .text.HAL_TIM_Base_Init
                0x00000000080036a0       0x9e ./Drivers/STM32F4xx_HAL_Driver/Src/stm32f4xx_hal_tim.o
                0x00000000080036a0                HAL_TIM_Base_Init
 *fill*         0x000000000800373e        0x2 
 .text.HAL_TIM_Base_Start_IT
                0x0000000008003740       0xe0 ./Drivers/STM32F4xx_HAL_Driver/Src/stm32f4xx_hal_tim.o
                0x0000000008003740                HAL_TIM_Base_Start_IT
 .text.HAL_TIM_Base_Stop_IT
                0x0000000008003820       0x5e ./Drivers/STM32F4xx_HAL_Driver/Src/stm32f4xx_hal_tim.o
                0x0000000008003820                HAL_TIM_Base_Stop_IT
 .text.HAL_TIM_PWM_Init
                0x000000000800387e       0x9e ./Drivers/STM32F4xx_HAL_Driver/Src/stm32f4xx_hal_tim.o
                0x000000000800387e                HAL_TIM_PWM_Init
 .text.HAL_TIM_PWM_MspInit
                0x000000000800391c       0x14 ./Drivers/STM32F4xx_HAL_Driver/Src/stm32f4xx_hal_tim.o
                0x000000000800391c                HAL_TIM_PWM_MspInit
 .text.HAL_TIM_PWM_Start
                0x0000000008003930      0x190 ./Drivers/STM32F4xx_HAL_Driver/Src/stm32f4xx_hal_tim.o
                0x0000000008003930                HAL_TIM_PWM_Start
 .text.HAL_TIM_PWM_Stop
                0x0000000008003ac0       0xe0 ./Drivers/STM32F4xx_HAL_Driver/Src/stm32f4xx_hal_tim.o
                0x0000000008003ac0                HAL_TIM_PWM_Stop
 .text.HAL_TIM_IRQHandler
                0x0000000008003ba0      0x210 ./Drivers/STM32F4xx_HAL_Driver/Src/stm32f4xx_hal_tim.o
                0x0000000008003ba0                HAL_TIM_IRQHandler
 .text.HAL_TIM_PWM_ConfigChannel
                0x0000000008003db0      0x184 ./Drivers/STM32F4xx_HAL_Driver/Src/stm32f4xx_hal_tim.o
                0x0000000008003db0                HAL_TIM_PWM_ConfigChannel
 .text.HAL_TIM_ConfigClockSource
                0x0000000008003f34      0x18e ./Drivers/STM32F4xx_HAL_Driver/Src/stm32f4xx_hal_tim.o
                0x0000000008003f34                HAL_TIM_ConfigClockSource
 .text.HAL_TIM_OC_DelayElapsedCallback
                0x00000000080040c2       0x14 ./Drivers/STM32F4xx_HAL_Driver/Src/stm32f4xx_hal_tim.o
                0x00000000080040c2                HAL_TIM_OC_DelayElapsedCallback
 .text.HAL_TIM_IC_CaptureCallback
                0x00000000080040d6       0x14 ./Drivers/STM32F4xx_HAL_Driver/Src/stm32f4xx_hal_tim.o
                0x00000000080040d6                HAL_TIM_IC_CaptureCallback
 .text.HAL_TIM_PWM_PulseFinishedCallback
                0x00000000080040ea       0x14 ./Drivers/STM32F4xx_HAL_Driver/Src/stm32f4xx_hal_tim.o
                0x00000000080040ea                HAL_TIM_PWM_PulseFinishedCallback
 .text.HAL_TIM_TriggerCallback
                0x00000000080040fe       0x14 ./Drivers/STM32F4xx_HAL_Driver/Src/stm32f4xx_hal_tim.o
                0x00000000080040fe                HAL_TIM_TriggerCallback
 *fill*         0x0000000008004112        0x2 
 .text.TIM_Base_SetConfig
                0x0000000008004114      0x140 ./Drivers/STM32F4xx_HAL_Driver/Src/stm32f4xx_hal_tim.o
                0x0000000008004114                TIM_Base_SetConfig
 .text.TIM_OC1_SetConfig
                0x0000000008004254       0xe0 ./Drivers/STM32F4xx_HAL_Driver/Src/stm32f4xx_hal_tim.o
 .text.TIM_OC2_SetConfig
                0x0000000008004334       0xec ./Drivers/STM32F4xx_HAL_Driver/Src/stm32f4xx_hal_tim.o
                0x0000000008004334                TIM_OC2_SetConfig
 .text.TIM_OC3_SetConfig
                0x0000000008004420       0xe8 ./Drivers/STM32F4xx_HAL_Driver/Src/stm32f4xx_hal_tim.o
 .text.TIM_OC4_SetConfig
                0x0000000008004508       0xac ./Drivers/STM32F4xx_HAL_Driver/Src/stm32f4xx_hal_tim.o
 .text.TIM_TI1_ConfigInputStage
                0x00000000080045b4       0x5e ./Drivers/STM32F4xx_HAL_Driver/Src/stm32f4xx_hal_tim.o
 .text.TIM_TI2_ConfigInputStage
                0x0000000008004612       0x60 ./Drivers/STM32F4xx_HAL_Driver/Src/stm32f4xx_hal_tim.o
 .text.TIM_ITRx_SetConfig
                0x0000000008004672       0x36 ./Drivers/STM32F4xx_HAL_Driver/Src/stm32f4xx_hal_tim.o
 .text.TIM_ETR_SetConfig
                0x00000000080046a8       0x40 ./Drivers/STM32F4xx_HAL_Driver/Src/stm32f4xx_hal_tim.o
                0x00000000080046a8                TIM_ETR_SetConfig
 .text.TIM_CCxChannelCmd
                0x00000000080046e8       0x4a ./Drivers/STM32F4xx_HAL_Driver/Src/stm32f4xx_hal_tim.o
                0x00000000080046e8                TIM_CCxChannelCmd
 *fill*         0x0000000008004732        0x2 
 .text.HAL_TIMEx_MasterConfigSynchronization
                0x0000000008004734       0xf8 ./Drivers/STM32F4xx_HAL_Driver/Src/stm32f4xx_hal_tim_ex.o
                0x0000000008004734                HAL_TIMEx_MasterConfigSynchronization
 .text.HAL_TIMEx_ConfigBreakDeadTime
                0x000000000800482c       0xa4 ./Drivers/STM32F4xx_HAL_Driver/Src/stm32f4xx_hal_tim_ex.o
                0x000000000800482c                HAL_TIMEx_ConfigBreakDeadTime
 .text.HAL_TIMEx_CommutCallback
                0x00000000080048d0       0x14 ./Drivers/STM32F4xx_HAL_Driver/Src/stm32f4xx_hal_tim_ex.o
                0x00000000080048d0                HAL_TIMEx_CommutCallback
 .text.HAL_TIMEx_BreakCallback
                0x00000000080048e4       0x14 ./Drivers/STM32F4xx_HAL_Driver/Src/stm32f4xx_hal_tim_ex.o
                0x00000000080048e4                HAL_TIMEx_BreakCallback
 .text.HAL_UART_Init
                0x00000000080048f8       0x9a ./Drivers/STM32F4xx_HAL_Driver/Src/stm32f4xx_hal_uart.o
                0x00000000080048f8                HAL_UART_Init
 .text.HAL_UART_Transmit
                0x0000000008004992      0x124 ./Drivers/STM32F4xx_HAL_Driver/Src/stm32f4xx_hal_uart.o
                0x0000000008004992                HAL_UART_Transmit
 .text.UART_WaitOnFlagUntilTimeout
                0x0000000008004ab6       0xdc ./Drivers/STM32F4xx_HAL_Driver/Src/stm32f4xx_hal_uart.o
 *fill*         0x0000000008004b92        0x2 
 .text.UART_SetConfig
                0x0000000008004b94      0x4e8 ./Drivers/STM32F4xx_HAL_Driver/Src/stm32f4xx_hal_uart.o
 .text.__libc_init_array
                0x000000000800507c       0x48 c:/apps/stm32cubeide/stm32cubeide_1.9.0/stm32cubeide/plugins/com.st.stm32cube.ide.mcu.externaltools.gnu-tools-for-stm32.10.3-2021.10.win32_1.0.0.202111181127/tools/bin/../lib/gcc/arm-none-eabi/10.3.1/../../../../arm-none-eabi/lib/thumb/v7e-m+fp/hard\libc_nano.a(lib_a-init.o)
                0x000000000800507c                __libc_init_array
 .text.memset   0x00000000080050c4       0x10 c:/apps/stm32cubeide/stm32cubeide_1.9.0/stm32cubeide/plugins/com.st.stm32cube.ide.mcu.externaltools.gnu-tools-for-stm32.10.3-2021.10.win32_1.0.0.202111181127/tools/bin/../lib/gcc/arm-none-eabi/10.3.1/../../../../arm-none-eabi/lib/thumb/v7e-m+fp/hard\libc_nano.a(lib_a-memset.o)
                0x00000000080050c4                memset
 *(.glue_7)
 .glue_7        0x00000000080050d4        0x0 linker stubs
 *(.glue_7t)
 .glue_7t       0x00000000080050d4        0x0 linker stubs
 *(.eh_frame)
 .eh_frame      0x00000000080050d4        0x0 c:/apps/stm32cubeide/stm32cubeide_1.9.0/stm32cubeide/plugins/com.st.stm32cube.ide.mcu.externaltools.gnu-tools-for-stm32.10.3-2021.10.win32_1.0.0.202111181127/tools/bin/../lib/gcc/arm-none-eabi/10.3.1/thumb/v7e-m+fp/hard/crtbegin.o
 *(.init)
 .init          0x00000000080050d4        0x4 c:/apps/stm32cubeide/stm32cubeide_1.9.0/stm32cubeide/plugins/com.st.stm32cube.ide.mcu.externaltools.gnu-tools-for-stm32.10.3-2021.10.win32_1.0.0.202111181127/tools/bin/../lib/gcc/arm-none-eabi/10.3.1/thumb/v7e-m+fp/hard/crti.o
                0x00000000080050d4                _init
 .init          0x00000000080050d8        0x8 c:/apps/stm32cubeide/stm32cubeide_1.9.0/stm32cubeide/plugins/com.st.stm32cube.ide.mcu.externaltools.gnu-tools-for-stm32.10.3-2021.10.win32_1.0.0.202111181127/tools/bin/../lib/gcc/arm-none-eabi/10.3.1/thumb/v7e-m+fp/hard/crtn.o
 *(.fini)
 .fini          0x00000000080050e0        0x4 c:/apps/stm32cubeide/stm32cubeide_1.9.0/stm32cubeide/plugins/com.st.stm32cube.ide.mcu.externaltools.gnu-tools-for-stm32.10.3-2021.10.win32_1.0.0.202111181127/tools/bin/../lib/gcc/arm-none-eabi/10.3.1/thumb/v7e-m+fp/hard/crti.o
                0x00000000080050e0                _fini
 .fini          0x00000000080050e4        0x8 c:/apps/stm32cubeide/stm32cubeide_1.9.0/stm32cubeide/plugins/com.st.stm32cube.ide.mcu.externaltools.gnu-tools-for-stm32.10.3-2021.10.win32_1.0.0.202111181127/tools/bin/../lib/gcc/arm-none-eabi/10.3.1/thumb/v7e-m+fp/hard/crtn.o
                0x00000000080050ec                . = ALIGN (0x4)
                0x00000000080050ec                _etext = .

.vfp11_veneer   0x00000000080050ec        0x0
 .vfp11_veneer  0x00000000080050ec        0x0 linker stubs

.v4_bx          0x00000000080050ec        0x0
 .v4_bx         0x00000000080050ec        0x0 linker stubs

.iplt           0x00000000080050ec        0x0
 .iplt          0x00000000080050ec        0x0 c:/apps/stm32cubeide/stm32cubeide_1.9.0/stm32cubeide/plugins/com.st.stm32cube.ide.mcu.externaltools.gnu-tools-for-stm32.10.3-2021.10.win32_1.0.0.202111181127/tools/bin/../lib/gcc/arm-none-eabi/10.3.1/thumb/v7e-m+fp/hard/crtbegin.o

.rodata         0x00000000080050ec     0x1f7c
                0x00000000080050ec                . = ALIGN (0x4)
 *(.rodata)
 .rodata        0x00000000080050ec       0xaa ./Core/Src/keyboard.o
 *fill*         0x0000000008005196        0x2 
 .rodata        0x0000000008005198      0x245 ./Core/Src/main.o
 *fill*         0x00000000080053dd        0x3 
 .rodata        0x00000000080053e0       0xb9 ./Core/Src/oled.o
 *fill*         0x0000000008005499        0x3 
 .rodata        0x000000000800549c       0xfb ./Core/Src/pca9538.o
 *(.rodata*)
 *fill*         0x0000000008005597        0x1 
 .rodata.Font7x10
                0x0000000008005598      0x76c ./Core/Src/fonts.o
 .rodata.Font16x26
                0x0000000008005d04     0x134c ./Core/Src/fonts.o
 .rodata.AHBPrescTable
                0x0000000008007050       0x10 ./Core/Src/system_stm32f4xx.o
                0x0000000008007050                AHBPrescTable
 .rodata.APBPrescTable
                0x0000000008007060        0x8 ./Core/Src/system_stm32f4xx.o
                0x0000000008007060                APBPrescTable
                0x0000000008007068                . = ALIGN (0x4)

.ARM.extab      0x0000000008007068        0x0
                0x0000000008007068                . = ALIGN (0x4)
 *(.ARM.extab* .gnu.linkonce.armextab.*)
                0x0000000008007068                . = ALIGN (0x4)

.ARM            0x0000000008007068        0x8
                0x0000000008007068                . = ALIGN (0x4)
                0x0000000008007068                __exidx_start = .
 *(.ARM.exidx*)
 .ARM.exidx     0x0000000008007068        0x8 c:/apps/stm32cubeide/stm32cubeide_1.9.0/stm32cubeide/plugins/com.st.stm32cube.ide.mcu.externaltools.gnu-tools-for-stm32.10.3-2021.10.win32_1.0.0.202111181127/tools/bin/../lib/gcc/arm-none-eabi/10.3.1/thumb/v7e-m+fp/hard\libgcc.a(_udivmoddi4.o)
                0x0000000008007070                __exidx_end = .
                0x0000000008007070                . = ALIGN (0x4)

.rel.dyn        0x0000000008007070        0x0
 .rel.iplt      0x0000000008007070        0x0 c:/apps/stm32cubeide/stm32cubeide_1.9.0/stm32cubeide/plugins/com.st.stm32cube.ide.mcu.externaltools.gnu-tools-for-stm32.10.3-2021.10.win32_1.0.0.202111181127/tools/bin/../lib/gcc/arm-none-eabi/10.3.1/thumb/v7e-m+fp/hard/crtbegin.o

.preinit_array  0x0000000008007070        0x0
                0x0000000008007070                . = ALIGN (0x4)
                0x0000000008007070                PROVIDE (__preinit_array_start = .)
 *(.preinit_array*)
                0x0000000008007070                PROVIDE (__preinit_array_end = .)
                0x0000000008007070                . = ALIGN (0x4)

.init_array     0x0000000008007070        0x4
                0x0000000008007070                . = ALIGN (0x4)
                0x0000000008007070                PROVIDE (__init_array_start = .)
 *(SORT_BY_NAME(.init_array.*))
 *(.init_array*)
 .init_array    0x0000000008007070        0x4 c:/apps/stm32cubeide/stm32cubeide_1.9.0/stm32cubeide/plugins/com.st.stm32cube.ide.mcu.externaltools.gnu-tools-for-stm32.10.3-2021.10.win32_1.0.0.202111181127/tools/bin/../lib/gcc/arm-none-eabi/10.3.1/thumb/v7e-m+fp/hard/crtbegin.o
                0x0000000008007074                PROVIDE (__init_array_end = .)
                0x0000000008007074                . = ALIGN (0x4)

.fini_array     0x0000000008007074        0x4
                0x0000000008007074                . = ALIGN (0x4)
                [!provide]                        PROVIDE (__fini_array_start = .)
 *(SORT_BY_NAME(.fini_array.*))
 *(.fini_array*)
 .fini_array    0x0000000008007074        0x4 c:/apps/stm32cubeide/stm32cubeide_1.9.0/stm32cubeide/plugins/com.st.stm32cube.ide.mcu.externaltools.gnu-tools-for-stm32.10.3-2021.10.win32_1.0.0.202111181127/tools/bin/../lib/gcc/arm-none-eabi/10.3.1/thumb/v7e-m+fp/hard/crtbegin.o
                [!provide]                        PROVIDE (__fini_array_end = .)
                0x0000000008007078                . = ALIGN (0x4)
                0x0000000008007078                _sidata = LOADADDR (.data)

.data           0x0000000020000000       0x40 load address 0x0000000008007078
                0x0000000020000000                . = ALIGN (0x4)
                0x0000000020000000                _sdata = .
 *(.data)
 *(.data*)
 .data.Font_7x10
                0x0000000020000000        0x8 ./Core/Src/fonts.o
                0x0000000020000000                Font_7x10
 .data.Font_16x26
                0x0000000020000008        0x8 ./Core/Src/fonts.o
                0x0000000020000008                Font_16x26
 .data.init_commands
                0x0000000020000010       0x1c ./Core/Src/oled.o
 .data.updscr_commands
                0x000000002000002c        0x3 ./Core/Src/oled.o
 .data.OUTPUT_PORT_DEFAULT
                0x000000002000002f        0x1 ./Core/Src/pca9538.o
 .data.CONFIG_DEFAULT
                0x0000000020000030        0x1 ./Core/Src/pca9538.o
 *fill*         0x0000000020000031        0x3 
 .data.SystemCoreClock
                0x0000000020000034        0x4 ./Core/Src/system_stm32f4xx.o
                0x0000000020000034                SystemCoreClock
 .data.uwTickPrio
                0x0000000020000038        0x4 ./Drivers/STM32F4xx_HAL_Driver/Src/stm32f4xx_hal.o
                0x0000000020000038                uwTickPrio
 .data.uwTickFreq
                0x000000002000003c        0x1 ./Drivers/STM32F4xx_HAL_Driver/Src/stm32f4xx_hal.o
                0x000000002000003c                uwTickFreq
 *(.RamFunc)
 *(.RamFunc*)
                0x0000000020000040                . = ALIGN (0x4)
 *fill*         0x000000002000003d        0x3 
                0x0000000020000040                _edata = .
                0x00000000080070b8                _siccmram = LOADADDR (.ccmram)

.igot.plt       0x0000000020000040        0x0 load address 0x00000000080070b8
 .igot.plt      0x0000000020000040        0x0 c:/apps/stm32cubeide/stm32cubeide_1.9.0/stm32cubeide/plugins/com.st.stm32cube.ide.mcu.externaltools.gnu-tools-for-stm32.10.3-2021.10.win32_1.0.0.202111181127/tools/bin/../lib/gcc/arm-none-eabi/10.3.1/thumb/v7e-m+fp/hard/crtbegin.o

.ccmram         0x0000000010000000        0x0 load address 0x00000000080070b8
                0x0000000010000000                . = ALIGN (0x4)
                0x0000000010000000                _sccmram = .
 *(.ccmram)
 *(.ccmram*)
                0x0000000010000000                . = ALIGN (0x4)
                0x0000000010000000                _eccmram = .
                0x0000000010000000                . = ALIGN (0x4)

.bss            0x0000000020000040      0x554
                0x0000000020000040                _sbss = .
                0x0000000020000040                __bss_start__ = _sbss
 *(.bss)
 .bss           0x0000000020000040       0x1c c:/apps/stm32cubeide/stm32cubeide_1.9.0/stm32cubeide/plugins/com.st.stm32cube.ide.mcu.externaltools.gnu-tools-for-stm32.10.3-2021.10.win32_1.0.0.202111181127/tools/bin/../lib/gcc/arm-none-eabi/10.3.1/thumb/v7e-m+fp/hard/crtbegin.o
 *(.bss*)
 .bss.hi2c1     0x000000002000005c       0x54 ./Core/Src/main.o
                0x000000002000005c                hi2c1
 .bss.htim1     0x00000000200000b0       0x48 ./Core/Src/main.o
                0x00000000200000b0                htim1
 .bss.htim6     0x00000000200000f8       0x48 ./Core/Src/main.o
                0x00000000200000f8                htim6
 .bss.huart4    0x0000000020000140       0x44 ./Core/Src/main.o
                0x0000000020000140                huart4
 .bss.counter   0x0000000020000184        0x2 ./Core/Src/main.o
 *fill*         0x0000000020000186        0x2 
 .bss.OLED_Buffer
                0x0000000020000188      0x400 ./Core/Src/oled.o
 .bss.OLED      0x0000000020000588        0x6 ./Core/Src/oled.o
 .bss.POLARITY_INVERSION_DEFAULT
                0x000000002000058e        0x1 ./Core/Src/pca9538.o
 *fill*         0x000000002000058f        0x1 
 .bss.uwTick    0x0000000020000590        0x4 ./Drivers/STM32F4xx_HAL_Driver/Src/stm32f4xx_hal.o
                0x0000000020000590                uwTick
 *(COMMON)
                0x0000000020000594                . = ALIGN (0x4)
                0x0000000020000594                _ebss = .
                0x0000000020000594                __bss_end__ = _ebss

._user_heap_stack
                0x0000000020000594      0x604
                0x0000000020000598                . = ALIGN (0x8)
 *fill*         0x0000000020000594        0x4 
                [!provide]                        PROVIDE (end = .)
                0x0000000020000598                PROVIDE (_end = .)
                0x0000000020000798                . = (. + _Min_Heap_Size)
 *fill*         0x0000000020000598      0x200 
                0x0000000020000b98                . = (. + _Min_Stack_Size)
 *fill*         0x0000000020000798      0x400 
                0x0000000020000b98                . = ALIGN (0x8)

/DISCARD/
 libc.a(*)
 libm.a(*)
 libgcc.a(*)

.ARM.attributes
                0x0000000000000000       0x30
 *(.ARM.attributes)
 .ARM.attributes
                0x0000000000000000       0x1e c:/apps/stm32cubeide/stm32cubeide_1.9.0/stm32cubeide/plugins/com.st.stm32cube.ide.mcu.externaltools.gnu-tools-for-stm32.10.3-2021.10.win32_1.0.0.202111181127/tools/bin/../lib/gcc/arm-none-eabi/10.3.1/thumb/v7e-m+fp/hard/crti.o
 .ARM.attributes
                0x000000000000001e       0x34 c:/apps/stm32cubeide/stm32cubeide_1.9.0/stm32cubeide/plugins/com.st.stm32cube.ide.mcu.externaltools.gnu-tools-for-stm32.10.3-2021.10.win32_1.0.0.202111181127/tools/bin/../lib/gcc/arm-none-eabi/10.3.1/thumb/v7e-m+fp/hard/crtbegin.o
 .ARM.attributes
                0x0000000000000052       0x34 ./Core/Src/fonts.o
 .ARM.attributes
                0x0000000000000086       0x34 ./Core/Src/keyboard.o
 .ARM.attributes
                0x00000000000000ba       0x34 ./Core/Src/main.o
 .ARM.attributes
                0x00000000000000ee       0x34 ./Core/Src/oled.o
 .ARM.attributes
                0x0000000000000122       0x34 ./Core/Src/pca9538.o
 .ARM.attributes
                0x0000000000000156       0x34 ./Core/Src/stm32f4xx_hal_msp.o
 .ARM.attributes
                0x000000000000018a       0x34 ./Core/Src/stm32f4xx_it.o
 .ARM.attributes
                0x00000000000001be       0x34 ./Core/Src/system_stm32f4xx.o
 .ARM.attributes
                0x00000000000001f2       0x34 ./Core/Src/uart_util.o
 .ARM.attributes
                0x0000000000000226       0x21 ./Core/Startup/startup_stm32f407vgtx.o
 .ARM.attributes
                0x0000000000000247       0x34 ./Drivers/STM32F4xx_HAL_Driver/Src/stm32f4xx_hal.o
 .ARM.attributes
                0x000000000000027b       0x34 ./Drivers/STM32F4xx_HAL_Driver/Src/stm32f4xx_hal_cortex.o
 .ARM.attributes
                0x00000000000002af       0x34 ./Drivers/STM32F4xx_HAL_Driver/Src/stm32f4xx_hal_gpio.o
 .ARM.attributes
                0x00000000000002e3       0x34 ./Drivers/STM32F4xx_HAL_Driver/Src/stm32f4xx_hal_i2c.o
 .ARM.attributes
                0x0000000000000317       0x34 ./Drivers/STM32F4xx_HAL_Driver/Src/stm32f4xx_hal_rcc.o
 .ARM.attributes
                0x000000000000034b       0x34 ./Drivers/STM32F4xx_HAL_Driver/Src/stm32f4xx_hal_tim.o
 .ARM.attributes
                0x000000000000037f       0x34 ./Drivers/STM32F4xx_HAL_Driver/Src/stm32f4xx_hal_tim_ex.o
 .ARM.attributes
                0x00000000000003b3       0x34 ./Drivers/STM32F4xx_HAL_Driver/Src/stm32f4xx_hal_uart.o
 .ARM.attributes
                0x00000000000003e7       0x34 c:/apps/stm32cubeide/stm32cubeide_1.9.0/stm32cubeide/plugins/com.st.stm32cube.ide.mcu.externaltools.gnu-tools-for-stm32.10.3-2021.10.win32_1.0.0.202111181127/tools/bin/../lib/gcc/arm-none-eabi/10.3.1/../../../../arm-none-eabi/lib/thumb/v7e-m+fp/hard\libc_nano.a(lib_a-init.o)
 .ARM.attributes
                0x000000000000041b       0x34 c:/apps/stm32cubeide/stm32cubeide_1.9.0/stm32cubeide/plugins/com.st.stm32cube.ide.mcu.externaltools.gnu-tools-for-stm32.10.3-2021.10.win32_1.0.0.202111181127/tools/bin/../lib/gcc/arm-none-eabi/10.3.1/../../../../arm-none-eabi/lib/thumb/v7e-m+fp/hard\libc_nano.a(lib_a-memset.o)
 .ARM.attributes
                0x000000000000044f       0x17 c:/apps/stm32cubeide/stm32cubeide_1.9.0/stm32cubeide/plugins/com.st.stm32cube.ide.mcu.externaltools.gnu-tools-for-stm32.10.3-2021.10.win32_1.0.0.202111181127/tools/bin/../lib/gcc/arm-none-eabi/10.3.1/../../../../arm-none-eabi/lib/thumb/v7e-m+fp/hard\libc_nano.a(lib_a-strlen.o)
 .ARM.attributes
                0x0000000000000466       0x1e c:/apps/stm32cubeide/stm32cubeide_1.9.0/stm32cubeide/plugins/com.st.stm32cube.ide.mcu.externaltools.gnu-tools-for-stm32.10.3-2021.10.win32_1.0.0.202111181127/tools/bin/../lib/gcc/arm-none-eabi/10.3.1/thumb/v7e-m+fp/hard\libgcc.a(_aeabi_uldivmod.o)
 .ARM.attributes
                0x0000000000000484       0x34 c:/apps/stm32cubeide/stm32cubeide_1.9.0/stm32cubeide/plugins/com.st.stm32cube.ide.mcu.externaltools.gnu-tools-for-stm32.10.3-2021.10.win32_1.0.0.202111181127/tools/bin/../lib/gcc/arm-none-eabi/10.3.1/thumb/v7e-m+fp/hard\libgcc.a(_udivmoddi4.o)
 .ARM.attributes
                0x00000000000004b8       0x1e c:/apps/stm32cubeide/stm32cubeide_1.9.0/stm32cubeide/plugins/com.st.stm32cube.ide.mcu.externaltools.gnu-tools-for-stm32.10.3-2021.10.win32_1.0.0.202111181127/tools/bin/../lib/gcc/arm-none-eabi/10.3.1/thumb/v7e-m+fp/hard\libgcc.a(_dvmd_tls.o)
 .ARM.attributes
                0x00000000000004d6       0x1e c:/apps/stm32cubeide/stm32cubeide_1.9.0/stm32cubeide/plugins/com.st.stm32cube.ide.mcu.externaltools.gnu-tools-for-stm32.10.3-2021.10.win32_1.0.0.202111181127/tools/bin/../lib/gcc/arm-none-eabi/10.3.1/thumb/v7e-m+fp/hard/crtn.o
OUTPUT(SecondMasterClass.elf elf32-littlearm)
LOAD linker stubs
LOAD c:/apps/stm32cubeide/stm32cubeide_1.9.0/stm32cubeide/plugins/com.st.stm32cube.ide.mcu.externaltools.gnu-tools-for-stm32.10.3-2021.10.win32_1.0.0.202111181127/tools/bin/../lib/gcc/arm-none-eabi/10.3.1/../../../../arm-none-eabi/lib/thumb/v7e-m+fp/hard\libc.a
LOAD c:/apps/stm32cubeide/stm32cubeide_1.9.0/stm32cubeide/plugins/com.st.stm32cube.ide.mcu.externaltools.gnu-tools-for-stm32.10.3-2021.10.win32_1.0.0.202111181127/tools/bin/../lib/gcc/arm-none-eabi/10.3.1/../../../../arm-none-eabi/lib/thumb/v7e-m+fp/hard\libm.a
LOAD c:/apps/stm32cubeide/stm32cubeide_1.9.0/stm32cubeide/plugins/com.st.stm32cube.ide.mcu.externaltools.gnu-tools-for-stm32.10.3-2021.10.win32_1.0.0.202111181127/tools/bin/../lib/gcc/arm-none-eabi/10.3.1/thumb/v7e-m+fp/hard\libgcc.a

.debug_info     0x0000000000000000    0x1193d
 .debug_info    0x0000000000000000      0x1ae ./Core/Src/fonts.o
 .debug_info    0x00000000000001ae      0x30c ./Core/Src/keyboard.o
 .debug_info    0x00000000000004ba     0x199e ./Core/Src/main.o
 .debug_info    0x0000000000001e58      0xa77 ./Core/Src/oled.o
 .debug_info    0x00000000000028cf      0x8a0 ./Core/Src/pca9538.o
 .debug_info    0x000000000000316f     0x133a ./Core/Src/stm32f4xx_hal_msp.o
 .debug_info    0x00000000000044a9      0x736 ./Core/Src/stm32f4xx_it.o
 .debug_info    0x0000000000004bdf      0x523 ./Core/Src/system_stm32f4xx.o
 .debug_info    0x0000000000005102      0x64f ./Core/Src/uart_util.o
 .debug_info    0x0000000000005751       0x22 ./Core/Startup/startup_stm32f407vgtx.o
 .debug_info    0x0000000000005773      0x97c ./Drivers/STM32F4xx_HAL_Driver/Src/stm32f4xx_hal.o
 .debug_info    0x00000000000060ef      0xe1b ./Drivers/STM32F4xx_HAL_Driver/Src/stm32f4xx_hal_cortex.o
 .debug_info    0x0000000000006f0a      0x76a ./Drivers/STM32F4xx_HAL_Driver/Src/stm32f4xx_hal_gpio.o
 .debug_info    0x0000000000007674     0x2609 ./Drivers/STM32F4xx_HAL_Driver/Src/stm32f4xx_hal_i2c.o
 .debug_info    0x0000000000009c7d      0x966 ./Drivers/STM32F4xx_HAL_Driver/Src/stm32f4xx_hal_rcc.o
 .debug_info    0x000000000000a5e3     0x2bbe ./Drivers/STM32F4xx_HAL_Driver/Src/stm32f4xx_hal_tim.o
 .debug_info    0x000000000000d1a1     0x15e0 ./Drivers/STM32F4xx_HAL_Driver/Src/stm32f4xx_hal_tim_ex.o
 .debug_info    0x000000000000e781     0x31bc ./Drivers/STM32F4xx_HAL_Driver/Src/stm32f4xx_hal_uart.o

.debug_abbrev   0x0000000000000000     0x231b
 .debug_abbrev  0x0000000000000000       0xad ./Core/Src/fonts.o
 .debug_abbrev  0x00000000000000ad      0x111 ./Core/Src/keyboard.o
 .debug_abbrev  0x00000000000001be      0x385 ./Core/Src/main.o
 .debug_abbrev  0x0000000000000543      0x241 ./Core/Src/oled.o
 .debug_abbrev  0x0000000000000784      0x19e ./Core/Src/pca9538.o
 .debug_abbrev  0x0000000000000922      0x20a ./Core/Src/stm32f4xx_hal_msp.o
 .debug_abbrev  0x0000000000000b2c      0x184 ./Core/Src/stm32f4xx_it.o
 .debug_abbrev  0x0000000000000cb0      0x116 ./Core/Src/system_stm32f4xx.o
 .debug_abbrev  0x0000000000000dc6      0x165 ./Core/Src/uart_util.o
 .debug_abbrev  0x0000000000000f2b       0x12 ./Core/Startup/startup_stm32f407vgtx.o
 .debug_abbrev  0x0000000000000f3d      0x20d ./Drivers/STM32F4xx_HAL_Driver/Src/stm32f4xx_hal.o
 .debug_abbrev  0x000000000000114a      0x316 ./Drivers/STM32F4xx_HAL_Driver/Src/stm32f4xx_hal_cortex.o
 .debug_abbrev  0x0000000000001460      0x1c4 ./Drivers/STM32F4xx_HAL_Driver/Src/stm32f4xx_hal_gpio.o
 .debug_abbrev  0x0000000000001624      0x297 ./Drivers/STM32F4xx_HAL_Driver/Src/stm32f4xx_hal_i2c.o
 .debug_abbrev  0x00000000000018bb      0x2aa ./Drivers/STM32F4xx_HAL_Driver/Src/stm32f4xx_hal_rcc.o
 .debug_abbrev  0x0000000000001b65      0x25d ./Drivers/STM32F4xx_HAL_Driver/Src/stm32f4xx_hal_tim.o
 .debug_abbrev  0x0000000000001dc2      0x265 ./Drivers/STM32F4xx_HAL_Driver/Src/stm32f4xx_hal_tim_ex.o
 .debug_abbrev  0x0000000000002027      0x2f4 ./Drivers/STM32F4xx_HAL_Driver/Src/stm32f4xx_hal_uart.o

.debug_aranges  0x0000000000000000      0xf70
 .debug_aranges
                0x0000000000000000       0x18 ./Core/Src/fonts.o
 .debug_aranges
                0x0000000000000018       0x30 ./Core/Src/keyboard.o
 .debug_aranges
                0x0000000000000048       0x98 ./Core/Src/main.o
 .debug_aranges
                0x00000000000000e0       0x60 ./Core/Src/oled.o
 .debug_aranges
                0x0000000000000140       0x40 ./Core/Src/pca9538.o
 .debug_aranges
                0x0000000000000180       0x58 ./Core/Src/stm32f4xx_hal_msp.o
 .debug_aranges
                0x00000000000001d8       0x68 ./Core/Src/stm32f4xx_it.o
 .debug_aranges
                0x0000000000000240       0x28 ./Core/Src/system_stm32f4xx.o
 .debug_aranges
                0x0000000000000268       0x20 ./Core/Src/uart_util.o
 .debug_aranges
                0x0000000000000288       0x28 ./Core/Startup/startup_stm32f407vgtx.o
 .debug_aranges
                0x00000000000002b0       0xf0 ./Drivers/STM32F4xx_HAL_Driver/Src/stm32f4xx_hal.o
 .debug_aranges
                0x00000000000003a0      0x118 ./Drivers/STM32F4xx_HAL_Driver/Src/stm32f4xx_hal_cortex.o
 .debug_aranges
                0x00000000000004b8       0x58 ./Drivers/STM32F4xx_HAL_Driver/Src/stm32f4xx_hal_gpio.o
 .debug_aranges
                0x0000000000000510      0x2a0 ./Drivers/STM32F4xx_HAL_Driver/Src/stm32f4xx_hal_i2c.o
 .debug_aranges
                0x00000000000007b0       0x88 ./Drivers/STM32F4xx_HAL_Driver/Src/stm32f4xx_hal_rcc.o
 .debug_aranges
                0x0000000000000838      0x3d0 ./Drivers/STM32F4xx_HAL_Driver/Src/stm32f4xx_hal_tim.o
 .debug_aranges
                0x0000000000000c08      0x168 ./Drivers/STM32F4xx_HAL_Driver/Src/stm32f4xx_hal_tim_ex.o
 .debug_aranges
                0x0000000000000d70      0x200 ./Drivers/STM32F4xx_HAL_Driver/Src/stm32f4xx_hal_uart.o

.debug_macro    0x0000000000000000    0x22186
 .debug_macro   0x0000000000000000       0xb9 ./Core/Src/fonts.o
 .debug_macro   0x00000000000000b9      0xa78 ./Core/Src/fonts.o
 .debug_macro   0x0000000000000b31       0x22 ./Core/Src/fonts.o
 .debug_macro   0x0000000000000b53       0x4c ./Core/Src/fonts.o
 .debug_macro   0x0000000000000b9f       0x1e ./Core/Src/fonts.o
 .debug_macro   0x0000000000000bbd       0x94 ./Core/Src/fonts.o
 .debug_macro   0x0000000000000c51       0x3c ./Core/Src/fonts.o
 .debug_macro   0x0000000000000c8d      0x103 ./Core/Src/fonts.o
 .debug_macro   0x0000000000000d90       0x3a ./Core/Src/fonts.o
 .debug_macro   0x0000000000000dca       0x57 ./Core/Src/fonts.o
 .debug_macro   0x0000000000000e21       0x6a ./Core/Src/fonts.o
 .debug_macro   0x0000000000000e8b      0x1df ./Core/Src/fonts.o
 .debug_macro   0x000000000000106a       0x82 ./Core/Src/fonts.o
 .debug_macro   0x00000000000010ec      0x460 ./Core/Src/fonts.o
 .debug_macro   0x000000000000154c      0x2ec ./Core/Src/keyboard.o
 .debug_macro   0x0000000000001838      0x2a1 ./Core/Src/keyboard.o
 .debug_macro   0x0000000000001ad9       0x2e ./Core/Src/keyboard.o
 .debug_macro   0x0000000000001b07       0x2f ./Core/Src/keyboard.o
 .debug_macro   0x0000000000001b36       0x1c ./Core/Src/keyboard.o
 .debug_macro   0x0000000000001b52       0x22 ./Core/Src/keyboard.o
 .debug_macro   0x0000000000001b74       0xd9 ./Core/Src/keyboard.o
 .debug_macro   0x0000000000001c4d     0x102d ./Core/Src/keyboard.o
 .debug_macro   0x0000000000002c7a      0x11f ./Core/Src/keyboard.o
 .debug_macro   0x0000000000002d99    0x15e82 ./Core/Src/keyboard.o
 .debug_macro   0x0000000000018c1b       0x6d ./Core/Src/keyboard.o
 .debug_macro   0x0000000000018c88     0x367e ./Core/Src/keyboard.o
 .debug_macro   0x000000000001c306      0x104 ./Core/Src/keyboard.o
 .debug_macro   0x000000000001c40a       0x5c ./Core/Src/keyboard.o
 .debug_macro   0x000000000001c466      0x96b ./Core/Src/keyboard.o
 .debug_macro   0x000000000001cdd1      0x9fe ./Core/Src/keyboard.o
 .debug_macro   0x000000000001d7cf      0x115 ./Core/Src/keyboard.o
 .debug_macro   0x000000000001d8e4      0x13e ./Core/Src/keyboard.o
 .debug_macro   0x000000000001da22       0xa5 ./Core/Src/keyboard.o
 .debug_macro   0x000000000001dac7      0x174 ./Core/Src/keyboard.o
 .debug_macro   0x000000000001dc3b      0x287 ./Core/Src/keyboard.o
 .debug_macro   0x000000000001dec2       0x5f ./Core/Src/keyboard.o
 .debug_macro   0x000000000001df21      0x236 ./Core/Src/keyboard.o
 .debug_macro   0x000000000001e157      0x12c ./Core/Src/keyboard.o
 .debug_macro   0x000000000001e283      0x21e ./Core/Src/keyboard.o
 .debug_macro   0x000000000001e4a1       0x2e ./Core/Src/keyboard.o
 .debug_macro   0x000000000001e4cf      0x1b5 ./Core/Src/keyboard.o
 .debug_macro   0x000000000001e684       0xd6 ./Core/Src/keyboard.o
 .debug_macro   0x000000000001e75a      0x11a ./Core/Src/keyboard.o
 .debug_macro   0x000000000001e874       0x7e ./Core/Src/keyboard.o
 .debug_macro   0x000000000001e8f2       0x89 ./Core/Src/keyboard.o
 .debug_macro   0x000000000001e97b      0x8e6 ./Core/Src/keyboard.o
 .debug_macro   0x000000000001f261       0x47 ./Core/Src/keyboard.o
 .debug_macro   0x000000000001f2a8      0x295 ./Core/Src/keyboard.o
 .debug_macro   0x000000000001f53d      0x12d ./Core/Src/keyboard.o
 .debug_macro   0x000000000001f66a       0x16 ./Core/Src/keyboard.o
 .debug_macro   0x000000000001f680       0x43 ./Core/Src/keyboard.o
 .debug_macro   0x000000000001f6c3       0x34 ./Core/Src/keyboard.o
 .debug_macro   0x000000000001f6f7       0x10 ./Core/Src/keyboard.o
 .debug_macro   0x000000000001f707       0x58 ./Core/Src/keyboard.o
 .debug_macro   0x000000000001f75f       0x71 ./Core/Src/keyboard.o
 .debug_macro   0x000000000001f7d0       0x1c ./Core/Src/keyboard.o
 .debug_macro   0x000000000001f7ec      0x12a ./Core/Src/keyboard.o
 .debug_macro   0x000000000001f916      0x341 ./Core/Src/keyboard.o
 .debug_macro   0x000000000001fc57       0x10 ./Core/Src/keyboard.o
 .debug_macro   0x000000000001fc67       0x35 ./Core/Src/keyboard.o
 .debug_macro   0x000000000001fc9c       0x20 ./Core/Src/keyboard.o
 .debug_macro   0x000000000001fcbc      0x31e ./Core/Src/main.o
 .debug_macro   0x000000000001ffda       0x8e ./Core/Src/main.o
 .debug_macro   0x0000000000020068       0x51 ./Core/Src/main.o
 .debug_macro   0x00000000000200b9      0x174 ./Core/Src/main.o
 .debug_macro   0x000000000002022d       0x22 ./Core/Src/main.o
 .debug_macro   0x000000000002024f       0x52 ./Core/Src/main.o
 .debug_macro   0x00000000000202a1       0x16 ./Core/Src/main.o
 .debug_macro   0x00000000000202b7      0x2fa ./Core/Src/oled.o
 .debug_macro   0x00000000000205b1      0x2dc ./Core/Src/pca9538.o
 .debug_macro   0x000000000002088d      0x1f2 ./Core/Src/stm32f4xx_hal_msp.o
 .debug_macro   0x0000000000020a7f      0x1fc ./Core/Src/stm32f4xx_it.o
 .debug_macro   0x0000000000020c7b      0x1e8 ./Core/Src/system_stm32f4xx.o
 .debug_macro   0x0000000000020e63      0x2ba ./Core/Src/uart_util.o
 .debug_macro   0x000000000002111d       0x56 ./Core/Src/uart_util.o
 .debug_macro   0x0000000000021173      0x248 ./Drivers/STM32F4xx_HAL_Driver/Src/stm32f4xx_hal.o
 .debug_macro   0x00000000000213bb      0x1e8 ./Drivers/STM32F4xx_HAL_Driver/Src/stm32f4xx_hal_cortex.o
 .debug_macro   0x00000000000215a3      0x1ee ./Drivers/STM32F4xx_HAL_Driver/Src/stm32f4xx_hal_gpio.o
 .debug_macro   0x0000000000021791      0x22f ./Drivers/STM32F4xx_HAL_Driver/Src/stm32f4xx_hal_i2c.o
 .debug_macro   0x00000000000219c0      0x20c ./Drivers/STM32F4xx_HAL_Driver/Src/stm32f4xx_hal_rcc.o
 .debug_macro   0x0000000000021bcc      0x1e9 ./Drivers/STM32F4xx_HAL_Driver/Src/stm32f4xx_hal_tim.o
 .debug_macro   0x0000000000021db5      0x1e8 ./Drivers/STM32F4xx_HAL_Driver/Src/stm32f4xx_hal_tim_ex.o
 .debug_macro   0x0000000000021f9d      0x1e9 ./Drivers/STM32F4xx_HAL_Driver/Src/stm32f4xx_hal_uart.o

.debug_line     0x0000000000000000    0x135d0
 .debug_line    0x0000000000000000      0x4d3 ./Core/Src/fonts.o
 .debug_line    0x00000000000004d3      0x999 ./Core/Src/keyboard.o
 .debug_line    0x0000000000000e6c      0xcee ./Core/Src/main.o
 .debug_line    0x0000000000001b5a      0xae6 ./Core/Src/oled.o
 .debug_line    0x0000000000002640      0x945 ./Core/Src/pca9538.o
 .debug_line    0x0000000000002f85      0x84a ./Core/Src/stm32f4xx_hal_msp.o
 .debug_line    0x00000000000037cf      0x7ff ./Core/Src/stm32f4xx_it.o
 .debug_line    0x0000000000003fce      0x7a6 ./Core/Src/system_stm32f4xx.o
 .debug_line    0x0000000000004774      0x88c ./Core/Src/uart_util.o
 .debug_line    0x0000000000005000       0x88 ./Core/Startup/startup_stm32f407vgtx.o
 .debug_line    0x0000000000005088      0xa0c ./Drivers/STM32F4xx_HAL_Driver/Src/stm32f4xx_hal.o
 .debug_line    0x0000000000005a94      0xcbb ./Drivers/STM32F4xx_HAL_Driver/Src/stm32f4xx_hal_cortex.o
 .debug_line    0x000000000000674f      0xb80 ./Drivers/STM32F4xx_HAL_Driver/Src/stm32f4xx_hal_gpio.o
 .debug_line    0x00000000000072cf     0x39c1 ./Drivers/STM32F4xx_HAL_Driver/Src/stm32f4xx_hal_i2c.o
 .debug_line    0x000000000000ac90      0xd86 ./Drivers/STM32F4xx_HAL_Driver/Src/stm32f4xx_hal_rcc.o
 .debug_line    0x000000000000ba16     0x3700 ./Drivers/STM32F4xx_HAL_Driver/Src/stm32f4xx_hal_tim.o
 .debug_line    0x000000000000f116     0x1a09 ./Drivers/STM32F4xx_HAL_Driver/Src/stm32f4xx_hal_tim_ex.o
 .debug_line    0x0000000000010b1f     0x2ab1 ./Drivers/STM32F4xx_HAL_Driver/Src/stm32f4xx_hal_uart.o

.debug_str      0x0000000000000000    0xcd588
 .debug_str     0x0000000000000000     0x4f36 ./Core/Src/fonts.o
                                       0x50cd (size before relaxing)
 .debug_str     0x0000000000004f36    0xc3e72 ./Core/Src/keyboard.o
                                      0xc8fd1 (size before relaxing)
 .debug_str     0x00000000000c8da8     0x105b ./Core/Src/main.o
                                      0xca0c9 (size before relaxing)
 .debug_str     0x00000000000c9e03       0xd7 ./Core/Src/oled.o
                                      0xc9543 (size before relaxing)
 .debug_str     0x00000000000c9eda       0x8f ./Core/Src/pca9538.o
                                      0xc9453 (size before relaxing)
 .debug_str     0x00000000000c9f69      0x5da ./Core/Src/stm32f4xx_hal_msp.o
                                      0xc606c (size before relaxing)
 .debug_str     0x00000000000ca543       0xf0 ./Core/Src/stm32f4xx_it.o
                                      0xc556d (size before relaxing)
 .debug_str     0x00000000000ca633       0xdb ./Core/Src/system_stm32f4xx.o
                                      0xc5135 (size before relaxing)
 .debug_str     0x00000000000ca70e       0x39 ./Core/Src/uart_util.o
                                      0xc8260 (size before relaxing)
 .debug_str     0x00000000000ca747       0x36 ./Core/Startup/startup_stm32f407vgtx.o
                                         0x6d (size before relaxing)
 .debug_str     0x00000000000ca77d      0x60d ./Drivers/STM32F4xx_HAL_Driver/Src/stm32f4xx_hal.o
                                      0xc5cb9 (size before relaxing)
 .debug_str     0x00000000000cad8a      0x32d ./Drivers/STM32F4xx_HAL_Driver/Src/stm32f4xx_hal_cortex.o
                                      0xc59ec (size before relaxing)
 .debug_str     0x00000000000cb0b7      0x121 ./Drivers/STM32F4xx_HAL_Driver/Src/stm32f4xx_hal_gpio.o
                                      0xc52b0 (size before relaxing)
 .debug_str     0x00000000000cb1d8      0xaed ./Drivers/STM32F4xx_HAL_Driver/Src/stm32f4xx_hal_i2c.o
                                      0xc6100 (size before relaxing)
 .debug_str     0x00000000000cbcc5      0x213 ./Drivers/STM32F4xx_HAL_Driver/Src/stm32f4xx_hal_rcc.o
                                      0xc5569 (size before relaxing)
 .debug_str     0x00000000000cbed8      0xcea ./Drivers/STM32F4xx_HAL_Driver/Src/stm32f4xx_hal_tim.o
                                      0xc64af (size before relaxing)
 .debug_str     0x00000000000ccbc2      0x3e1 ./Drivers/STM32F4xx_HAL_Driver/Src/stm32f4xx_hal_tim_ex.o
                                      0xc5ccb (size before relaxing)
 .debug_str     0x00000000000ccfa3      0x5e5 ./Drivers/STM32F4xx_HAL_Driver/Src/stm32f4xx_hal_uart.o
                                      0xc5b08 (size before relaxing)

.comment        0x0000000000000000       0x50
 .comment       0x0000000000000000       0x50 ./Core/Src/fonts.o
                                         0x51 (size before relaxing)
 .comment       0x0000000000000050       0x51 ./Core/Src/keyboard.o
 .comment       0x0000000000000050       0x51 ./Core/Src/main.o
 .comment       0x0000000000000050       0x51 ./Core/Src/oled.o
 .comment       0x0000000000000050       0x51 ./Core/Src/pca9538.o
 .comment       0x0000000000000050       0x51 ./Core/Src/stm32f4xx_hal_msp.o
 .comment       0x0000000000000050       0x51 ./Core/Src/stm32f4xx_it.o
 .comment       0x0000000000000050       0x51 ./Core/Src/system_stm32f4xx.o
 .comment       0x0000000000000050       0x51 ./Core/Src/uart_util.o
 .comment       0x0000000000000050       0x51 ./Drivers/STM32F4xx_HAL_Driver/Src/stm32f4xx_hal.o
 .comment       0x0000000000000050       0x51 ./Drivers/STM32F4xx_HAL_Driver/Src/stm32f4xx_hal_cortex.o
 .comment       0x0000000000000050       0x51 ./Drivers/STM32F4xx_HAL_Driver/Src/stm32f4xx_hal_gpio.o
 .comment       0x0000000000000050       0x51 ./Drivers/STM32F4xx_HAL_Driver/Src/stm32f4xx_hal_i2c.o
 .comment       0x0000000000000050       0x51 ./Drivers/STM32F4xx_HAL_Driver/Src/stm32f4xx_hal_rcc.o
 .comment       0x0000000000000050       0x51 ./Drivers/STM32F4xx_HAL_Driver/Src/stm32f4xx_hal_tim.o
 .comment       0x0000000000000050       0x51 ./Drivers/STM32F4xx_HAL_Driver/Src/stm32f4xx_hal_tim_ex.o
 .comment       0x0000000000000050       0x51 ./Drivers/STM32F4xx_HAL_Driver/Src/stm32f4xx_hal_uart.o

.debug_ranges   0x0000000000000000      0xec8
 .debug_ranges  0x0000000000000000       0x38 ./Core/Src/keyboard.o
 .debug_ranges  0x0000000000000038       0xa0 ./Core/Src/main.o
 .debug_ranges  0x00000000000000d8       0x50 ./Core/Src/oled.o
 .debug_ranges  0x0000000000000128       0x30 ./Core/Src/pca9538.o
 .debug_ranges  0x0000000000000158       0x48 ./Core/Src/stm32f4xx_hal_msp.o
 .debug_ranges  0x00000000000001a0       0x58 ./Core/Src/stm32f4xx_it.o
 .debug_ranges  0x00000000000001f8       0x18 ./Core/Src/system_stm32f4xx.o
 .debug_ranges  0x0000000000000210       0x10 ./Core/Src/uart_util.o
 .debug_ranges  0x0000000000000220       0x20 ./Core/Startup/startup_stm32f407vgtx.o
 .debug_ranges  0x0000000000000240       0xe0 ./Drivers/STM32F4xx_HAL_Driver/Src/stm32f4xx_hal.o
 .debug_ranges  0x0000000000000320      0x108 ./Drivers/STM32F4xx_HAL_Driver/Src/stm32f4xx_hal_cortex.o
 .debug_ranges  0x0000000000000428       0x48 ./Drivers/STM32F4xx_HAL_Driver/Src/stm32f4xx_hal_gpio.o
 .debug_ranges  0x0000000000000470      0x2a8 ./Drivers/STM32F4xx_HAL_Driver/Src/stm32f4xx_hal_i2c.o
 .debug_ranges  0x0000000000000718       0x78 ./Drivers/STM32F4xx_HAL_Driver/Src/stm32f4xx_hal_rcc.o
 .debug_ranges  0x0000000000000790      0x3c0 ./Drivers/STM32F4xx_HAL_Driver/Src/stm32f4xx_hal_tim.o
 .debug_ranges  0x0000000000000b50      0x158 ./Drivers/STM32F4xx_HAL_Driver/Src/stm32f4xx_hal_tim_ex.o
 .debug_ranges  0x0000000000000ca8      0x220 ./Drivers/STM32F4xx_HAL_Driver/Src/stm32f4xx_hal_uart.o

.debug_frame    0x0000000000000000     0x4130
 .debug_frame   0x0000000000000000       0x7c ./Core/Src/keyboard.o
 .debug_frame   0x000000000000007c      0x238 ./Core/Src/main.o
 .debug_frame   0x00000000000002b4      0x15c ./Core/Src/oled.o
 .debug_frame   0x0000000000000410       0xc4 ./Core/Src/pca9538.o
 .debug_frame   0x00000000000004d4      0x134 ./Core/Src/stm32f4xx_hal_msp.o
 .debug_frame   0x0000000000000608      0x120 ./Core/Src/stm32f4xx_it.o
 .debug_frame   0x0000000000000728       0x58 ./Core/Src/system_stm32f4xx.o
 .debug_frame   0x0000000000000780       0x34 ./Core/Src/uart_util.o
 .debug_frame   0x00000000000007b4      0x374 ./Drivers/STM32F4xx_HAL_Driver/Src/stm32f4xx_hal.o
 .debug_frame   0x0000000000000b28      0x498 ./Drivers/STM32F4xx_HAL_Driver/Src/stm32f4xx_hal_cortex.o
 .debug_frame   0x0000000000000fc0      0x14c ./Drivers/STM32F4xx_HAL_Driver/Src/stm32f4xx_hal_gpio.o
 .debug_frame   0x000000000000110c      0xc5c ./Drivers/STM32F4xx_HAL_Driver/Src/stm32f4xx_hal_i2c.o
 .debug_frame   0x0000000000001d68      0x1f4 ./Drivers/STM32F4xx_HAL_Driver/Src/stm32f4xx_hal_rcc.o
 .debug_frame   0x0000000000001f5c     0x11c4 ./Drivers/STM32F4xx_HAL_Driver/Src/stm32f4xx_hal_tim.o
 .debug_frame   0x0000000000003120      0x638 ./Drivers/STM32F4xx_HAL_Driver/Src/stm32f4xx_hal_tim_ex.o
 .debug_frame   0x0000000000003758      0x92c ./Drivers/STM32F4xx_HAL_Driver/Src/stm32f4xx_hal_uart.o
 .debug_frame   0x0000000000004084       0x2c c:/apps/stm32cubeide/stm32cubeide_1.9.0/stm32cubeide/plugins/com.st.stm32cube.ide.mcu.externaltools.gnu-tools-for-stm32.10.3-2021.10.win32_1.0.0.202111181127/tools/bin/../lib/gcc/arm-none-eabi/10.3.1/../../../../arm-none-eabi/lib/thumb/v7e-m+fp/hard\libc_nano.a(lib_a-init.o)
 .debug_frame   0x00000000000040b0       0x20 c:/apps/stm32cubeide/stm32cubeide_1.9.0/stm32cubeide/plugins/com.st.stm32cube.ide.mcu.externaltools.gnu-tools-for-stm32.10.3-2021.10.win32_1.0.0.202111181127/tools/bin/../lib/gcc/arm-none-eabi/10.3.1/../../../../arm-none-eabi/lib/thumb/v7e-m+fp/hard\libc_nano.a(lib_a-memset.o)
 .debug_frame   0x00000000000040d0       0x2c c:/apps/stm32cubeide/stm32cubeide_1.9.0/stm32cubeide/plugins/com.st.stm32cube.ide.mcu.externaltools.gnu-tools-for-stm32.10.3-2021.10.win32_1.0.0.202111181127/tools/bin/../lib/gcc/arm-none-eabi/10.3.1/thumb/v7e-m+fp/hard\libgcc.a(_aeabi_uldivmod.o)
 .debug_frame   0x00000000000040fc       0x34 c:/apps/stm32cubeide/stm32cubeide_1.9.0/stm32cubeide/plugins/com.st.stm32cube.ide.mcu.externaltools.gnu-tools-for-stm32.10.3-2021.10.win32_1.0.0.202111181127/tools/bin/../lib/gcc/arm-none-eabi/10.3.1/thumb/v7e-m+fp/hard\libgcc.a(_udivmoddi4.o)
