../Core/Inc/keyboard.h:21:20:keyboard_ConvertButtonPhoneCode	16	static
../Core/Src/main.c:74:5:main	8	static
../Core/Src/main.c:124:6:SystemClock_Config	88	static
../Core/Src/main.c:171:13:MX_I2C1_Init	8	static
../Core/Src/main.c:205:13:MX_TIM1_Init	96	static
../Core/Src/main.c:280:13:MX_TIM6_Init	16	static
../Core/Src/main.c:318:13:MX_UART4_Init	8	static
../Core/Src/main.c:351:13:MX_GPIO_Init	48	static
../Core/Src/main.c:375:26:draw_hello_screen	24	static
../Core/Src/main.c:403:26:read_timer	32	static
../Core/Src/main.c:440:26:draw_counter	24	static
../Core/Src/main.c:455:26:count_down	24	static
../Core/Src/main.c:472:26:draw_final_screen	24	static
../Core/Src/main.c:486:13:run	16	static
../Core/Src/main.c:509:6:HAL_TIM_PeriodElapsedCallback	24	static
../Core/Src/main.c:544:6:Error_Handler	4	static,ignoring_inline_asm
